 
U-Boot 2013.10.0-AK_V2.0.04 (Nov 14 2022 - 15:04:58)

DRAM:  64 MiB
8 MiB
Create flash partition table init OK!
ANYKA SDHC/MMC4.0: 0
Load Env CRC OK!
In:    serial
Out:   serial
Err:   serial
no hold the upgrade button down, button value is 1

Hit any key to stop autoboot:  0


SF: 1417200 bytes @ 0x31000 Read: OK
## Booting kernel from Legacy Image at 81808000 ...
   Image Name:   Linux-3.4.35
   Image Type:   ARM Linux Kernel Image (uncompressed)
   Data Size:    1417136 Bytes = 1.4 MiB
   Load Address: 81808000
   Entry Point:  81808040
   Verifying Checksum ... OK
   XIP Kernel Image ... OK

Starting kernel ...

Uncompressing Linux... done, booting the kernel.
Anyka Linux Kernel Version: 2.5.04
Booting Linux on physical CPU 0
Linux version 3.4.35 (zhoujiahui@szfirsvr) (gcc version 4.8.5 (anyka (gcc-4.8.5 + binutils-2.24 + ulcibc-0.9.33.2)(20170223)) ) #1 Mon Nov 14 15:03:51 CST 2022
CPU: ARM926EJ-S [41069265] revision 5 (ARMv5TEJ), cr=00053177
CPU: VIVT data cache, VIVT instruction cache
Machine: Cloud39EV2_AK3918E80PIN_MNBD
Memory policy: ECC disabled, Data cache writeback
ANYKA CPU AK3918 (ID 0x20150200)
Built 1 zonelists in Zone order, mobility grouping on.  Total pages: 10160
Kernel command line: console=ttySAK0,115200n8 root=/dev/mtdblock4 rootfstype=squashfs init=/sbin/init mem=64M memsize=64M
PID hash table entries: 256 (order: -2, 1024 bytes)
Dentry cache hash table entries: 8192 (order: 3, 32768 bytes)
Inode-cache hash table entries: 4096 (order: 2, 16384 bytes)
Memory: 40MB = 40MB total
Memory: 36436k/36436k available, 4524k reserved, 0K highmem
Virtual kernel memory layout:
    vector  : 0xffff0000 - 0xffff1000   (   4 kB)
    fixmap  : 0xfff00000 - 0xfffe0000   ( 896 kB)
    vmalloc : 0xc3000000 - 0xff000000   ( 960 MB)
    lowmem  : 0xc0000000 - 0xc2800000   (  40 MB)
    modules : 0xbf000000 - 0xc0000000   (  16 MB)
      .text : 0xc0008000 - 0xc03a2000   (3688 kB)
      .init : 0xc03a2000 - 0xc03bc000   ( 104 kB)
      .data : 0xc03bc000 - 0xc03e0cf8   ( 148 kB)
       .bss : 0xc03e0d1c - 0xc0401bc8   ( 132 kB)
SLUB: Genslabs=13, HWalign=32, Order=0-3, MinObjects=0, CPUs=1, Nodes=1
NR_IRQS:95
sched_clock: 32 bits at 12MHz, resolution 83ns, wraps every 357913ms
AK39 console driver initial
console [ttySAK0] enabled
Calibrating delay loop... 199.06 BogoMIPS (lpj=995328)
pid_max: default: 32768 minimum: 301
Mount-cache hash table entries: 512
CPU: Testing write buffer coherency: ok
Setting up static identity map for 0x81ad6520 - 0x81ad6578
devtmpfs: initialized
NET: Registered protocol family 16
On-chip L2 memory initialized
AK39 clocks: CPU 400MHz, MEM 200MHz, ASIC 100MHz
Anyka platform share gpio locks initialize.
bio: create slab <bio-0> at 0
usbcore: registered new interface driver usbfs
usbcore: registered new interface driver hub
usbcore: registered new device driver usb
i2c-ak39 i2c-ak39: Unable to achieve desired frequency 384KHz. Lowest achievable 390KHz
i2c-ak39 i2c-ak39: i2c-0: AK39 I2C adapter
Linux video capture interface: v2.00
cfg80211: Calling CRDA to update world regulatory domain
Switching to clocksource ak_timer5 cs
NET: Registered protocol family 2
IP route cache hash table entries: 1024 (order: 0, 4096 bytes)
TCP established hash table entries: 2048 (order: 2, 16384 bytes)
TCP bind hash table entries: 2048 (order: 1, 8192 bytes)
TCP: Hash tables configured (established 2048 bind 2048)
TCP: reno registered
UDP hash table entries: 256 (order: 0, 4096 bytes)
UDP-Lite hash table entries: 256 (order: 0, 4096 bytes)
NET: Registered protocol family 1
RPC: Registered named UNIX socket transport module.
RPC: Registered udp transport module.
RPC: Registered tcp transport module.
RPC: Registered tcp NFSv4.1 backchannel transport module.
squashfs: version 4.0 (2009/01/31) Phillip Lougher
exFAT: Version 1.2.9
jffs2: version 2.2. Â© 2001-2006 Red Hat, Inc.
msgmni has been set to 71
io scheduler noop registered
io scheduler cfq registered (default)
AK39xx uart driver init, (c) 2013 ANYKA
ak39-uart.0: ttySAK0 at MMIO 0x20130000 (irq = 10) is a AK39
ion: failed to create debug files.
brd: module loaded
loop: module loaded
ch422_init
ch422_init HHHHHLLL
check CH422
ch422_is_exist:0
aw9523b init
aw9523b_init: add i2c device at 0x58 aw9523b
aw9523b_probe()
enter aw9523b_probe*************************
aw9523b_write data=0xff, dummy=0xff
aw9523b_write data=0xff, dummy=0xff
aw9523b_write data=0x10, dummy=0xff
aw9523b_write fail!! dummy!=data
aw9523b_write data=0xff, dummy=0xff
aw9523b_write data=0xff, dummy=0xff
aw9523b_probe successed
AK Motor Driver (c) 2013 ANYKA
init the ak-motor device success.
init the ak-motor device success.
@@@ [akpcm_init]: enter @@@
@@@ [akpcm_probe]: enter @@@
akpcmL0->ak39_codec_probe enter...
akpcm probe: mic on
akpcm_probe: OK

akisp_init
Start to init Anyka SPI Flash...
Start to init Anyka partition table...
AK SPI Driver, (c) 2012 ANYKA
akpi regs: SPICON:00000152, SPISTA:00000015, SPIINT:00000000.
ak-spi ak-spi: master is unqueued, this is deprecated
ak_spi setup the master.
pre-scaler=2 (wanted 20Mhz, got 16Mhz)
ak spiflash probe enter.
pre-scaler=2 (wanted 20Mhz, got 16Mhz)
ak_spi_setupxfer,con:00000252.
akspi flash ID: 0x00684017
ak-spiflash spi0.0: BY25Q64ASSIG (8192 Kbytes)
FHA:partition lib version: V1.1.06
FHA:spiflash init
FHA:boot block num offset:427
FHA:Sflash_Get_Partition_Startpage g_boot_len:752
mtd_part[0]:
name = KERNEL
size = 0x180000
offset = 0x31000
mask_flags = 0x1

mtd_part[1]:
name = MAC
size = 0x1000
offset = 0x1b1000
mask_flags = 0x1

mtd_part[2]:
name = ENV
size = 0x1000
offset = 0x1b2000
mask_flags = 0x1

mtd_part[3]:
name = A
size = 0x100000
offset = 0x1b3000
mask_flags = 0x1

mtd_part[4]:
name = B
size = 0x480000
offset = 0x2b3000
mask_flags = 0x1

mtd_part[5]:
name = C
size = 0xaf000
offset = 0x733000
mask_flags = 0x1

Creating 6 MTD partitions on "spi0.0":
0x000000031000-0x0000001b1000 : "KERNEL"
0x0000001b1000-0x0000001b2000 : "MAC"
0x0000001b2000-0x0000001b3000 : "ENV"
0x0000001b3000-0x0000002b3000 : "A"
0x0000002b3000-0x000000733000 : "B"
0x000000733000-0x0000007e2000 : "C"
Init AK SPI Flash finish.
akspi master initialize success, use for DMA mode.
AK39E_MAC Ethernet Driver, V1.1
input: akgpio-keys as /devices/platform/akgpio-keys/input/input0
AK MCI Driver (c) 2010 ANYKA
akmci ak_mci: pdev->name:ak_mci request gpio irq ret = 0, irq=36
akmci ak_mci: Mci Interface driver.mmc0. using l2dma, sw IRQ. detect mode:GPIO detect.
TCP: cubic registered
NET: Registered protocol family 17
lib80211: common routines for IEEE802.11 drivers
/home/zhoujiahui/nfs/anyka/anykav200/D011ap_20200511/kernel/drivers/rtc/hctosys.c: unable to open rtc device (rtc0)
VFS: Mounted root (squashfs filesystem) readonly on device 31:4.
devtmpfs: mounted
Freeing init memory: 104K
mmc0: host does not support reading read-only switch. assuming write-enable.
mmc0: new SDHC card at address 0001
mmcblk0: mmc0:0001 SD16G 7.44 GiB
 mmcblk0: p1
mount all file system...
start telnet......
starting mdev...
**************************
    Love Linux ! ! !
**************************
200+0 records in
200+0 records out
102400 bytes (100.0KB) copied, 0.037207 seconds, 2.6MB/s
aksensor_module_init
id 65535
welcome to file system
  _________________________________
 |                                 |
 |       Gerge Hacked This         |
 |_________________________________|
*************  start network service   *************
*************     serve snapshots      *************
default log level=4
******** cmd server has running! ******
[main:200] Success to create TCP socket.
[main:234] Waiting for connect......

restarting snapshot service...
close white led, whiteLightNegatWHITE_LED store:0
iveFlag = 0
ifconfig: SIOCGIFFLAGS: No such device
[INFO  ] capture <main:325>: capture_init...
[INFO  ] capture <capture_init:104>: Create fifo /tmp/qrcode_read
[INFO  ] capture <capture_init:107>: image module init
VIDEO_CHN_SUB index 1
VIDEO_CHN_MAIN index 0
default log level=4
[ak_vi_match_sensor:849] config_file: /mnt/sdcard/CAM/isp
rmmod rtl8188fu
rmmod: can't unload 'rtl8188fu':wifi_en store:1
 unknown symbol in module, or unknown parameter
[isp.conf]version: 3.007_1215, sensor id: 0xa63, style id: 0
[isp.conf]modify time: 2020-12-15 13:43:00
[check_file:347] check isp cfg: /mnt/sdcard/CAM/isp OK
[ak_vi_open:890] register device, dev type: 0
new device
[vi_register_device:685] new dev=0x49010

----- libakuio.so V2.0.03 -----
[libakuio][/dev/ion] kernel config reserve mem size: 25165824, 0x1800000

[libakuio]ION: alloc 25165824 bytes for process 439
[libakuio]ION: yield 5 for iad 0xb6f9ec3c

--------------- pmem info ---------------
    PMEM_GET_TOTAL_SIZE: 25165824 bytes
    PMEM_GET_PHYS: 0x80000000
    pmem.vaddr: 0xb56b8000
--------------- info End ---------------

####akuio pmem init success###

ispsdk_lib version:V3.1.00
--- AK_ISP_sdk_init g_fd=8 ---
rmmod: can't unload 'otg_hs': unknown symbol in module, or unknown parameter
hight light:
        fraSet Frame Height = 0
me_rate=20 max_exp_time=1125 low_light_gain=16
low light:
        frame_rate=15 max_exp_time=1500 light_gain=5
hight light fps: 20
[isp_set_sensor_fps:1859] set sensor fps: 20
[set_fps:185] set fps:20 ok
register vi device ok, dev_count=1
[ak_vi_open:900] register device OK, pdev: 0x49010
[vi_new_user:490] now user_flg=0, user_ref=1
[TRACE ] capture <capture_init:164>: ak_vi_get_sensor_resolution

[load_def_awb_step:205] get awb_attr ok, auto_awb_step:10Set Frame Height = 1125

hight light:
        frame_rate=20 max_exp_time=1125 low_light_gain=16
low light:
        frame_rate=15 max_exp_time=1500 light_gain=5
[change_fps_pthread:714] thread id: 463
hight light fps: 20
[isp_set_sensor_fps:1859] set sensor fps: 20
[set_fps:185] set fps:20 oak_camera_set_parm pcid:1
k
init CROP succeedded! reseak_camera_set_parm pcid:1, ch2w:640, ch2h:480
t to CROP[1280, 720]
[TRACE ] capture <capture_init:178>: ak_vi_set_channel_attr

[malloc_capture_buffers:115] ion_mem: 0xb5a3c000, temp: 0x80384000
[malloc_capture_buffers:122] n_buffers: 0, start: 0xb5a3c000, length: 2306048
[malloc_capture_buffers:122] n_bufferswifi_en store:1
: 1, start: 0xb5c6f000, length: 2306048
[malloc_capture_buffers:122] n_buffers: 2, start: 0xb5ea2000, length: 2306048
[malloc_capture_buffers:122] n_buffers: 3, start: 0xb60d5000, length: 2306048
[malloc_capture_buffers:128] set buffer size: 2306048 ok
[isp_vi_capture_on:719] stream on, drop first 4 frames
rmmod: can't unload 'rtl8188fu': unknown symbol in module, or unknown wifi_en store:1
parameter
rmmod: can't unload 'otg_hs': unknown symbol in module, or unknown parameter
uninstall rtl8188ftv ap driver
[TRACE ] capture <capture_init:189>: ak_vi_capture_on

[INFO  ] capture <start_server:194>: Webserver starting: 3000, pid 439

[INFO  ] capture <main:331>: loop...
[TRACE ] capture <capture_loop:239>: capture start
[INFO  ] capture <accept_thread:176>: Waiting client...
[isp_vi_get_frame:842] capture on --> real get frame time=49

[ak_vi_get_frame:1373] get frame failed
[isp_vi_get_frame:842] capture on --> real get frame time=99

[ak_vi_get_frame:1373] get frame failed
[isp_vi_get_frame:842] capture on --> real get frame time=149

[ak_vi_get_frame:1373] get frame failed
default log level=4
*****hello daemon*******
[watchdog_enable:228] watchdog timeout = 8(s)
[feed_watchdog:179] thread id: 477
start ipc service......
/etc/jffs2/gergehack.sh is already running
[daemon_pth_func:684] thread id: 486
mount: mounting /dev/mmcblk0p1 on /mnt failed: Device or resource busy
[reload_config_awb_step:225] get awb_attr ok, cur auto_awb_step:10, set to step:10
wifi_en store:0
wifi driver install OK
ioctl[SIOCSIWAP]: Operation not permitted
play wifi connecting tone
connect wifi station......
reading wifi config from ini
check security, curval: 3
[check security] ok, val: 3
security=3 ssid=IOT_2.4 password=8i96HJ32PACqedd
/usr/sbin/station_connect.sh 3 IOT_2.4 8i96HJ32PACqedd
P_WPA_SPC   563 root       0:00 wpa_supplicant -B -iwlan0 -Dwext -f /tmp/wpa_log -c /etc/jffs2/wpa_supplicant.conf
Selected interface 'wlan0'
OK
OK
OK
OK
P_WPA_SPC   563 root       0:00 wpa_supplicant -B -iwlan0 -Dwext -f /tmp/wpa_log -c /etc/jffs2/wpa_supplicant.conf
OK
OK
OK
/usr/sbin/station_connect.sh, return val:0
P_WPA_SPC   563 root       0:00 wpa_supplicant -B -iwlan0 -Dwext -f /tmp/wpa_log -c /etc/jffs2/wpa_supplicant.conf
wpa_cli still connectting, info[0]: wpa_state=SCANNING
P_WPA_SPC   563 root       0:00 wpa_supplicant -B -iwlan0 -Dwext -f /tmp/wpa_log -c /etc/jffs2/wpa_supplicant.conf
[WiFi Station] wpa_state=COMPLETED, security=3 ssid=IOT_2.4 pswd=8i96HJ32PACqedd
check ip and start
using dynamic ip ...
killall: udhcpc: no process killed
udhcpc (v1.24.1) started
Sending discover...
Sending select for 192.168.10.191...
Lease of 192.168.10.191 obtained, lease time 43200
deleting routes
route: SIOCDELRT: No such process
add gw 192.168.10.1
adding dns 192.168.10.1
Add other dns addr
[WiFi Station] Connect OK
wifi connect return val: 0
wifi connected!
